[90m┌──────────────────────────────────────────┐[m
[90m│[m                                          [90m│[m
[90m│[m                                          [90m│[m
[90m│[m               [38;2;250;250;250mAre you sure?[m              [90m│[m
[90m│[m                                          [90m│[m
[90m│[m                                          [90m│[m
[90m│[m                                          [90m│[m
[90m│[m        [38;2;250;250;250m[ Yes ][m            [48;2;125;86;243m[ No ][m         [90m│[m
[90m│[m                                          [90m│[m
[90m│[m                                          [90m│[m
[90m│[m                                          [90m│[m
[90m└──────────────────────────────────────────┘[m