[90m┌────────────────────────────────────────────────────────────┐[m
[90m│[m                                                            [90m│[m
[90m│[m    [48;2;125;86;243mName:[m [38;2;250;250;250mBobby[7m [m                                            [90m│[m
[90m│[m                                                            [90m│[m
[90m│[m    [90m────────────────────────────────────────────────────[m    [90m│[m
[90m│[m                                                            [90m│[m
[90m│[m    [38;2;250;250;250mAge:[m [38;2;250;250;250m42 [m                                                [90m│[m
[90m│[m                                                            [90m│[m
[90m│[m    [90m────────────────────────────────────────────────────[m    [90m│[m
[90m│[m                                                            [90m│[m
[90m│[m                          [38;2;250;250;250m[ Save ][m                          [90m│[m
[90m│[m                                                            [90m│[m
[90m└────────────────────────────────────────────────────────────┘[m