[90m╭────────────────────────────────────────────────────────────────────────────────────────────────────╮[m
[90m│[m                                                                                                    [90m│[m
[90m│[m  [38;2;250;250;250mCP: 10[m         [90m│[m     [38;2;250;250;250mSP: 20[m         [90m│[m     [38;2;250;250;250mEP: 30[m         [90m│[m     [38;2;250;250;250mGP: 40[m         [90m│[m     [38;2;250;250;250mPP: 50[m        [90m│[m
[90m│[m                                                                                                    [90m│[m
[90m╰────────────────────────────────────────────────────────────────────────────────────────────────────╯[m
[90m╭────────────────────────────────────────────────────────────────────────────────────────────────────╮[m
[90m│[m                                                                                                    [90m│[m
[90m│[m    [38;2;250;250;250m■ ∙ Stick ∙ ■■■[m                                                                                 [90m│[m
[90m│[m    [38;2;250;250;250m[ + ][m                                                                                           [90m│[m
[90m│[m                                                                                                    [90m│[m
[90m│[m                                                                                                    [90m│[m
[90m│[m                                                                                                    [90m│[m
[90m│[m                                                                                                    [90m│[m
[90m│[m                                                                                                    [90m│[m
[90m│[m                                                                                                    [90m│[m
[90m│[m                                                                                                    [90m│[m
[90m│[m                                                                                                    [90m│[m
[90m│[m                                                                                                    [90m│[m
[90m│[m                                                                                                    [90m│[m
[90m│[m                                                                                                    [90m│[m
[90m│[m                                                                                                    [90m│[m
[90m│[m                                                                                                    [90m│[m
[90m│[m                                                                                                    [90m│[m
[90m│[m                                                                                                    [90m│[m
[90m│[m                                                                                                    [90m│[m
[90m│[m                                                                                                    [90m│[m
[90m│[m                                                                                                    [90m│[m
[90m│[m                                                                                                    [90m│[m
[90m│[m                                                                                                    [90m│[m
[90m│[m                                                                                                    [90m│[m
[90m│[m                                                                                                    [90m│[m
[90m│[m                                                                                                    [90m│[m
[90m│[m                                                                                                    [90m│[m
[90m│[m                                                                                                    [90m│[m
[90m╰────────────────────────────────────────────────────────────────────────────────────────────────────╯[m