[90m╭────────────────────────────────────────────────────────────────────────────────────────────────────╮[m
[90m│[m                                                                                                    [90m│[m
[90m│[m   [37m                                                                                            [m     [90m│[m
[90m│[m                                                                                                    [90m│[m
[90m╰────────────────────────────────────────────────────────────────────────────────────────────────────╯[m
[90m╭────────────────────────────────────────────────────────────────────────────────────────────────────╮[m
[90m│[m                                                                                                    [90m│[m
[90m│[m    [38;2;250;250;250mAncient Diary #12[m                                                                               [90m│[m
[90m│[m    [38;2;250;250;250mAncient Theory #4[m                                                                               [90m│[m
[90m│[m    [38;2;250;250;250mArcane Memory #2[m                                                                                [90m│[m
[90m│[m    [38;2;250;250;250mCrimson Memory #19[m                                                                              [90m│[m
[90m│[m    [38;2;250;250;250mEthereal Diary #5[m                                                                               [90m│[m
[90m│[m    [38;2;250;250;250mForgotten Codex #18[m                                                                             [90m│[m
[90m│[m    [38;2;250;250;250mFractured Codex #16[m                                                                             [90m│[m
[90m│[m    [38;2;250;250;250mFractured Fragment #6[m                                                                           [90m│[m
[90m│[m    [38;2;250;250;250mFractured Note #17[m                                                                              [90m│[m
[90m│[m    [38;2;250;250;250mFractured Note #3[m                                                                               [90m│[m
[90m│[m    [38;2;250;250;250mHidden Annotation #1[m                                                                            [90m│[m
[90m│[m    [38;2;250;250;250mHidden Memory #20[m                                                                               [90m│[m
[90m│[m    [38;2;250;250;250mHidden Ritual #10[m                                                                               [90m│[m
[90m│[m    [38;2;250;250;250mLost Note #9[m                                                                                    [90m│[m
[90m│[m    [38;2;250;250;250mLost Theory #15[m                                                                                 [90m│[m
[90m│[m    [38;2;250;250;250mObscure Fragment #11[m                                                                            [90m│[m
[90m│[m    [38;2;250;250;250mPrincipia Mathematica[m                                                                           [90m│[m
[90m│[m    [38;2;250;250;250mSilent Note #8[m                                                                                  [90m│[m
[90m│[m    [38;2;250;250;250mSilent Treatise #14[m                                                                             [90m│[m
[90m│[m    [38;2;250;250;250mStarlit Record #13[m                                                                              [90m│[m
[90m│[m    [38;2;250;250;250mStarlit Scroll #7[m                                                                               [90m│[m
[90m│[m    [38;2;250;250;250m[ + ][m                                                                                           [90m│[m
[90m│[m                                                                                                    [90m│[m
[90m│[m                                                                                                    [90m│[m
[90m│[m                                                                                                    [90m│[m
[90m│[m                                                                                                    [90m│[m
[90m│[m                                                                                                    [90m│[m
[90m│[m                                                                                                    [90m│[m
[90m│[m                                                                                                    [90m│[m
[90m╰────────────────────────────────────────────────────────────────────────────────────────────────────╯[m