[90m╭────────────────────────────────────────────────────────────────────────────────────────────────────╮[m
[90m│[m                                                                                                    [90m│[m
[90m│[m                                                    [90m│[m          [38;2;250;250;250mAge:     42[m                          [90m│[m
[90m│[m          [38;2;250;250;250mName:                Bobby[m                [90m│[m          [38;2;250;250;250mHeight:  4'11[m                        [90m│[m
[90m│[m          [38;2;250;250;250mLevels:              Wizard 10[m            [90m│[m          [38;2;250;250;250mWeight:  200lbs[m                      [90m│[m
[90m│[m          [38;2;250;250;250mRace:                Gnome[m                [90m│[m          [38;2;250;250;250mEyes:    Green[m                       [90m│[m
[90m│[m          [38;2;250;250;250mAlignment:           Chaotic Evil[m         [90m│[m          [38;2;250;250;250mSkin:    Pale[m                        [90m│[m
[90m│[m          [38;2;250;250;250mProficiency Bonus:   +4[m                   [90m│[m          [38;2;250;250;250mHair:    Brown[m                       [90m│[m
[90m│[m                                                                                                    [90m│[m
[90m╰────────────────────────────────────────────────────────────────────────────────────────────────────╯[m
[90m╭──────────────────────────────╮╭──────────────────────────────────────╮╭────────────────────────────╮[m
[90m│[m                              [90m││[m                                      [90m││[m                            [90m│[m
[90m│[m      [38;2;250;250;250mFeatures & Traits[m       [90m││[m              [38;2;250;250;250mBackstory[m               [90m││[m        [38;2;250;250;250mPersonality[m         [90m│[m
[90m│[m                              [90m││[m                                      [90m││[m                            [90m│[m
[90m│[m            [38;2;250;250;250mWinged[m            [90m││[m  [38;2;250;250;250mNoone[m                               [90m││[m  [38;2;250;250;250mCrazy[m                     [90m│[m
[90m│[m            [38;2;250;250;250m[ + ][m             [90m││[m                                      [90m││[m                            [90m│[m
[90m│[m                              [90m││[m                                      [90m││[m                            [90m│[m
[90m│[m                              [90m││[m                                      [90m││[m   [90m──────────────────────[m   [90m│[m
[90m│[m                              [90m││[m                                      [90m││[m                            [90m│[m
[90m│[m                              [90m││[m                                      [90m││[m         [38;2;250;250;250mAppearance[m         [90m│[m
[90m│[m                              [90m││[m                                      [90m││[m                            [90m│[m
[90m│[m                              [90m││[m                                      [90m││[m  [38;2;250;250;250mDisheveled[m                [90m│[m
[90m│[m                              [90m││[m                                      [90m││[m                            [90m│[m
[90m│[m                              [90m││[m                                      [90m││[m                            [90m│[m
[90m│[m                              [90m││[m                                      [90m││[m                            [90m│[m
[90m│[m                              [90m││[m                                      [90m││[m                            [90m│[m
[90m│[m                              [90m││[m                                      [90m││[m                            [90m│[m
[90m│[m                              [90m││[m                                      [90m││[m                            [90m│[m
[90m│[m                              [90m││[m                                      [90m││[m                            [90m│[m
[90m│[m                              [90m││[m                                      [90m││[m                            [90m│[m
[90m│[m                              [90m││[m                                      [90m││[m                            [90m│[m
[90m│[m                              [90m││[m                                      [90m││[m                            [90m│[m
[90m│[m                              [90m││[m                                      [90m││[m                            [90m│[m
[90m│[m                              [90m││[m                                      [90m││[m                            [90m│[m
[90m│[m                              [90m││[m                                      [90m││[m                            [90m│[m
[90m│[m                              [90m││[m                                      [90m││[m                            [90m│[m
[90m╰──────────────────────────────╯╰──────────────────────────────────────╯╰────────────────────────────╯[m