[90m╭──────────────────────────────────────────────────────────────╮[m
[90m│[m                                                              [90m│[m
[90m│[m  Sample content for reader viewport testing.                 [90m│[m
[90m│[m  Line 2 of the reader.                                       [90m│[m
[90m│[m  Line 3 of the reader.                                       [90m│[m
[90m│[m                                                              [90m│[m
[90m│[m                                                              [90m│[m
[90m│[m                                                              [90m│[m
[90m│[m                                                              [90m│[m
[90m│[m                                                              [90m│[m
[90m│[m                                                              [90m│[m
[90m│[m                                                              [90m│[m
[90m│[m                                                              [90m│[m
[90m│[m                                                              [90m│[m
[90m│[m                                                              [90m│[m
[90m│[m                                                              [90m│[m
[90m│[m                                                              [90m│[m
[90m│[m                                                              [90m│[m
[90m│[m                                                              [90m│[m
[90m│[m                                                              [90m│[m
[90m│[m                                                              [90m│[m
[90m│[m                                                              [90m│[m
[90m│[m                                                              [90m│[m
[90m│[m                                                              [90m│[m
[90m│[m                                                              [90m│[m
[90m│[m                                                              [90m│[m
[90m│[m                                                              [90m│[m
[90m│[m                                                              [90m│[m
[90m│[m                                                              [90m│[m
[90m│[m                                                              [90m│[m
[90m│[m                                                              [90m│[m
[90m╰──────────────────────────────────────────────────────────────╯[m