[90m┌────────────────────────────────────────────────────────────────────────────────────────────────────┐[m
[90m│[m                                                                                                    [90m│[m
[90m│[m   [38;2;250;250;250mSpellcasting Ability: Cha[m   [90m│[m       [38;2;250;250;250mSpell Save DC: 20[m           [90m│[m       [38;2;250;250;250mSpell Attack Bonus: 10[m   [90m│[m
[90m│[m                                                                                                    [90m│[m
[90m└────────────────────────────────────────────────────────────────────────────────────────────────────┘[m
[90m┌────────────────────────────────────────────────────────────────────────────────────────────────────┐[m
[90m│[m                                                                                                    [90m│[m
[90m│[m    [38;2;250;250;250mLevel 0 ∙ ∅[m                                                                                     [90m│[m
[90m│[m    [38;2;250;250;250m──────────────────────────────────────────────────────────────────────────────────────[m          [90m│[m
[90m│[m    [38;2;250;250;250m[ + ][m                                                                                           [90m│[m
[90m│[m    [38;2;250;250;250m                                                                                      [m          [90m│[m
[90m│[m    [38;2;250;250;250mLevel 1 ∙ ■■■□□[m                                                                                 [90m│[m
[90m│[m    [38;2;250;250;250m──────────────────────────────────────────────────────────────────────────────────────[m          [90m│[m
[90m│[m    [38;2;250;250;250m● Abracadabra ∙ 42d8 ∙ V/S/M ∙ 600ft ∙ Action ∙ Instant[m                                         [90m│[m
[90m│[m    [38;2;250;250;250m[ + ][m                                                                                           [90m│[m
[90m│[m    [38;2;250;250;250m                                                                                      [m          [90m│[m
[90m│[m    [38;2;250;250;250mLevel 2 ∙ ■■■■■[m                                                                                 [90m│[m
[90m│[m    [38;2;250;250;250m──────────────────────────────────────────────────────────────────────────────────────[m          [90m│[m
[90m│[m    [38;2;250;250;250m[ + ][m                                                                                           [90m│[m
[90m│[m    [38;2;250;250;250m                                                                                      [m          [90m│[m
[90m│[m    [38;2;250;250;250mLevel 3 ∙ ■■■■□[m                                                                                 [90m│[m
[90m│[m    [38;2;250;250;250m──────────────────────────────────────────────────────────────────────────────────────[m          [90m│[m
[90m│[m    [38;2;250;250;250m[ + ][m                                                                                           [90m│[m
[90m│[m    [38;2;250;250;250m                                                                                      [m          [90m│[m
[90m│[m    [38;2;250;250;250mLevel 4 ∙ ■■□□[m                                                                                  [90m│[m
[90m│[m    [38;2;250;250;250m──────────────────────────────────────────────────────────────────────────────────────[m          [90m│[m
[90m│[m    [38;2;250;250;250m[ + ][m                                                                                           [90m│[m
[90m│[m    [38;2;250;250;250m                                                                                      [m          [90m│[m
[90m│[m    [38;2;250;250;250mLevel 5 ∙ ■■□[m                                                                                   [90m│[m
[90m│[m    [38;2;250;250;250m──────────────────────────────────────────────────────────────────────────────────────[m          [90m│[m
[90m│[m    [38;2;250;250;250m[ + ][m                                                                                           [90m│[m
[90m│[m    [38;2;250;250;250m                                                                                      [m          [90m│[m
[90m│[m    [38;2;250;250;250mLevel 6 ∙ ■■■[m                                                                                   [90m│[m
[90m│[m    [38;2;250;250;250m──────────────────────────────────────────────────────────────────────────────────────[m          [90m│[m
[90m│[m    [38;2;250;250;250m[ + ][m                                                                                           [90m│[m
[90m│[m                                                                                                    [90m│[m
[90m└────────────────────────────────────────────────────────────────────────────────────────────────────┘[m