[90m╭────────────────────────────────────────────────────────────────────────────────────────────────────╮[m
[90m│[m                                                                                                    [90m│[m
[90m│[m                                                    [90m│[m          [38;2;250;250;250mStrength:        10  ( +0 )[m          [90m│[m
[90m│[m          [38;2;250;250;250mName:                Bobby[m                [90m│[m          [38;2;250;250;250mConstitution:    10  ( +0 )[m          [90m│[m
[90m│[m          [38;2;250;250;250mLevels:              Wizard 10[m            [90m│[m          [38;2;250;250;250mDexterity:       10  ( +0 )[m          [90m│[m
[90m│[m          [38;2;250;250;250mRace:                Gnome[m                [90m│[m          [38;2;250;250;250mIntelligence:    10  ( +0 )[m          [90m│[m
[90m│[m          [38;2;250;250;250mAlignment:           Chaotic Evil[m         [90m│[m          [38;2;250;250;250mWisdom:          10  ( +0 )[m          [90m│[m
[90m│[m          [38;2;250;250;250mProficiency Bonus:   +4[m                   [90m│[m          [38;2;250;250;250mCharisma:        10  ( +0 )[m          [90m│[m
[90m│[m                                                                                                    [90m│[m
[90m╰────────────────────────────────────────────────────────────────────────────────────────────────────╯[m
[90m╭──────────────────────────────╮╭────────────────────────────╮╭──────────────────────────────────────╮[m
[90m│[m                              [90m││[m                            [90m││[m                                      [90m│[m
[90m│[m            [38;2;250;250;250mSkills[m            [90m││[m           [38;2;250;250;250mCombat[m           [90m││[m                [38;2;250;250;250mActions[m               [90m│[m
[90m│[m                              [90m││[m                            [90m││[m                                      [90m│[m
[90m│[m   [38;2;250;250;250m◐ Athletics          +4[m    [90m││[m    [38;2;250;250;250mAC               17[m     [90m││[m   [38;2;250;250;250mKick[m                               [90m│[m
[90m│[m   [38;2;250;250;250m○ Acrobatics         +0[m    [90m││[m    [38;2;250;250;250mInitiative       +4[m     [90m││[m                                      [90m│[m
[90m│[m   [38;2;250;250;250m● Sleight of Hand    +8[m    [90m││[m    [38;2;250;250;250mSpeed            30[m     [90m││[m   [90m────────────────────────────────[m   [90m│[m
[90m│[m   [38;2;250;250;250m◐ Stealth            +4[m    [90m││[m    [38;2;250;250;250mHP           50/100[m     [90m││[m                                      [90m│[m
[90m│[m   [38;2;250;250;250m○ Arcana             +0[m    [90m││[m    [38;2;250;250;250mHit Dice      5/10d6[m    [90m││[m             [38;2;250;250;250mBonus Actions[m            [90m│[m
[90m│[m   [38;2;250;250;250m○ History            +0[m    [90m││[m    [38;2;250;250;250mDS Successes    ●●○[m     [90m││[m                                      [90m│[m
[90m│[m   [38;2;250;250;250m◐ Investigation      +4[m    [90m││[m    [38;2;250;250;250mDS Failures     ●●○[m     [90m││[m   [38;2;250;250;250mJump[m                               [90m│[m
[90m│[m   [38;2;250;250;250m● Nature             +8[m    [90m││[m                            [90m││[m                                      [90m│[m
[90m│[m   [38;2;250;250;250m◐ Religion           +4[m    [90m││[m  [90m────────────────────────[m  [90m││[m   [90m────────────────────────────────[m   [90m│[m
[90m│[m   [38;2;250;250;250m○ Animal Handling    +0[m    [90m││[m                            [90m││[m                                      [90m│[m
[90m│[m   [38;2;250;250;250m◐ Insight            +4[m    [90m││[m        [38;2;250;250;250mSaving Throws[m       [90m││[m                [38;2;250;250;250mAttacks[m               [90m│[m
[90m│[m   [38;2;250;250;250m○ Medicine           +0[m    [90m││[m                            [90m││[m                                      [90m│[m
[90m│[m   [38;2;250;250;250m○ Perception         +0[m    [90m││[m   [38;2;250;250;250m○ Strength           +0[m  [90m││[m   [38;2;250;250;250mHit w/ Stick +15 10d6 (Necrotic)[m   [90m│[m
[90m│[m   [38;2;250;250;250m◐ Survival           +4[m    [90m││[m   [38;2;250;250;250m◐ Dexterity          +4[m  [90m││[m   [38;2;250;250;250m[ + ][m                              [90m│[m
[90m│[m   [38;2;250;250;250m● Deception          +8[m    [90m││[m   [38;2;250;250;250m● Constitution       +8[m  [90m││[m                                      [90m│[m
[90m│[m   [38;2;250;250;250m● Intimidation       +8[m    [90m││[m   [38;2;250;250;250m● Intelligence       +8[m  [90m││[m                                      [90m│[m
[90m│[m   [38;2;250;250;250m○ Performance        +0[m    [90m││[m   [38;2;250;250;250m◐ Wisdom             +4[m  [90m││[m                                      [90m│[m
[90m│[m   [38;2;250;250;250m◐ Persuasion         +4[m    [90m││[m   [38;2;250;250;250m○ Charisma           +0[m  [90m││[m                                      [90m│[m
[90m│[m                              [90m││[m                            [90m││[m                                      [90m│[m
[90m│[m                              [90m││[m                            [90m││[m                                      [90m│[m
[90m│[m                              [90m││[m                            [90m││[m                                      [90m│[m
[90m│[m                              [90m││[m                            [90m││[m                                      [90m│[m
[90m╰──────────────────────────────╯╰────────────────────────────╯╰──────────────────────────────────────╯[m