
                ______ _   _ _____
                |  _  \ \ | /  __ \
                | | | |  \| | /  \/
                | | | | . ` | |
                | |/ /| |\  | \__/\
                |___/ \_| \_/\____/

[90m┌────────────────────────────────────────────────┐[m
[90m│[m                                                [90m│[m
[90m│[m                                                [90m│[m
[90m│[m                                                [90m│[m
[90m│[m                                                [90m│[m
[90m│[m              [48;2;125;86;244mCreate new Character[m              [90m│[m
[90m│[m                                                [90m│[m
[90m│[m                                                [90m│[m
[90m│[m           [90m─────────────────────────[m            [90m│[m
[90m│[m                                                [90m│[m
[90m│[m                                                [90m│[m
[90m│[m                     [38;2;250;250;250mBobby[m                      [90m│[m
[90m│[m                                                [90m│[m
[90m│[m                                                [90m│[m
[90m│[m                                                [90m│[m
[90m│[m                                                [90m│[m
[90m└────────────────────────────────────────────────┘[m
        [90mPress 'ctrl+h' to show key bindings[m